// Jest Snapshot v1, https://goo.gl/fbAQLP

exports[`districtResultsParser parses results correctly 1`] = `
Object {
  "attrHeaders": Array [
    "Kandidatas",
    "Iškėlė",
    "apylinkėse",
    "paštu",
    "iš viso",
    "% nuo galiojančių biuletenių",
    "% nuo dalyvavusių rinkėjų",
  ],
  "candidateValues": Array [
    Object {
      "districtVotes": "4465",
      "mailVotes": "1790",
      "name": "Mykolas MAJAUSKAS",
      "party": "Tėvynės sąjunga – Lietuvos krikščionys demokratai",
      "percentFromAll": "28,92",
      "percentFromValid": "29,71",
      "totalVotes": "6255",
    },
    Object {
      "districtVotes": "4582",
      "mailVotes": "1467",
      "name": "Viktorija ČMILYTĖ-NIELSEN",
      "party": "Lietuvos Respublikos liberalų sąjūdis",
      "percentFromAll": "27,97",
      "percentFromValid": "28,73",
      "totalVotes": "6049",
    },
    Object {
      "districtVotes": "1543",
      "mailVotes": "623",
      "name": "Vytenis ŠKARNULIS",
      "party": "Laisvės partija",
      "percentFromAll": "10,02",
      "percentFromValid": "10,29",
      "totalVotes": "2166",
    },
    Object {
      "districtVotes": "826",
      "mailVotes": "217",
      "name": "Darius KUOLYS",
      "party": "Politinė partija „Lietuvos sąrašas“",
      "percentFromAll": "4,82",
      "percentFromValid": "4,95",
      "totalVotes": "1043",
    },
    Object {
      "districtVotes": "767",
      "mailVotes": "254",
      "name": "Dovilė ŠAKALIENĖ",
      "party": "Lietuvos socialdemokratų partija",
      "percentFromAll": "4,72",
      "percentFromValid": "4,85",
      "totalVotes": "1021",
    },
    Object {
      "districtVotes": "711",
      "mailVotes": "239",
      "name": "Vitalija JANKAUSKAITĖ-MILČIUVIENĖ",
      "party": "Lietuvos valstiečių ir žaliųjų sąjunga",
      "percentFromAll": "4,39",
      "percentFromValid": "4,51",
      "totalVotes": "950",
    },
    Object {
      "districtVotes": "526",
      "mailVotes": "75",
      "name": "Kristina DZERŽINSKA",
      "party": "Lietuvos lenkų rinkimų akcija - Krikščioniškų šeimų sąjunga",
      "percentFromAll": "2,78",
      "percentFromValid": "2,85",
      "totalVotes": "601",
    },
    Object {
      "districtVotes": "461",
      "mailVotes": "126",
      "name": "Rasa IVANAUSKIENĖ",
      "party": "Darbo partija",
      "percentFromAll": "2,71",
      "percentFromValid": "2,79",
      "totalVotes": "587",
    },
    Object {
      "districtVotes": "415",
      "mailVotes": "118",
      "name": "Zenonas VAIGAUSKAS",
      "party": "Lietuvos socialdemokratų darbo partija",
      "percentFromAll": "2,46",
      "percentFromValid": "2,53",
      "totalVotes": "533",
    },
    Object {
      "districtVotes": "409",
      "mailVotes": "90",
      "name": "Robertas RAMANAUSKAS",
      "party": "Nacionalinis susivienijimas",
      "percentFromAll": "2,31",
      "percentFromValid": "2,37",
      "totalVotes": "499",
    },
    Object {
      "districtVotes": "265",
      "mailVotes": "89",
      "name": "Diana STOMIENĖ",
      "party": "Partija „Laisvė ir teisingumas“",
      "percentFromAll": "1,64",
      "percentFromValid": "1,68",
      "totalVotes": "354",
    },
    Object {
      "districtVotes": "263",
      "mailVotes": "63",
      "name": "Inga LAURUŠONĖ",
      "party": "Lietuvos žaliųjų partija",
      "percentFromAll": "1,51",
      "percentFromValid": "1,55",
      "totalVotes": "326",
    },
    Object {
      "districtVotes": "255",
      "mailVotes": "53",
      "name": "Sakalas GORODECKIS",
      "party": "Centro partija - tautininkai",
      "percentFromAll": "1,42",
      "percentFromValid": "1,46",
      "totalVotes": "308",
    },
    Object {
      "districtVotes": "165",
      "mailVotes": "58",
      "name": "Arvydas AKSTINAVIČIUS",
      "party": "Krikščionių sąjunga",
      "percentFromAll": "1,03",
      "percentFromValid": "1,06",
      "totalVotes": "223",
    },
    Object {
      "districtVotes": "119",
      "mailVotes": "21",
      "name": "Andrius NIKITINAS",
      "party": "Partija LIETUVA – VISŲ",
      "percentFromAll": "0,65",
      "percentFromValid": "0,66",
      "totalVotes": "140",
    },
  ],
}
`;

exports[`districtResultsParser parses results correctly for a different structure 1`] = `
Object {
  "attrHeaders": Array [
    "Kandidatas",
    "Iškėlė",
    "apylinkėse",
    "paštu",
    "iš viso",
    "% nuo galiojančių biuletenių",
    "% nuo dalyvavusių rinkėjų",
  ],
  "candidateValues": Array [
    Object {
      "districtVotes": "4029",
      "mailVotes": "1124",
      "name": "Vytautas JUOZAPAITIS",
      "party": "Tėvynės sąjunga – Lietuvos krikščionys demokratai",
      "percentFromAll": "28,01",
      "percentFromValid": "29,76",
      "totalVotes": "5153",
    },
    Object {
      "districtVotes": "2226",
      "mailVotes": "413",
      "name": "Karolina ŽEKAITĖ",
      "party": "Lietuvos valstiečių ir žaliųjų sąjunga",
      "percentFromAll": "14,34",
      "percentFromValid": "15,24",
      "totalVotes": "2639",
    },
    Object {
      "districtVotes": "1505",
      "mailVotes": "245",
      "name": "Mindaugas PUIDOKAS",
      "party": "Darbo partija",
      "percentFromAll": "9,51",
      "percentFromValid": "10,11",
      "totalVotes": "1750",
    },
    Object {
      "districtVotes": "1400",
      "mailVotes": "328",
      "name": "Ligita ŠAPRANAVIČIŪTĖ",
      "party": "Laisvės partija",
      "percentFromAll": "9,39",
      "percentFromValid": "9,98",
      "totalVotes": "1728",
    },
    Object {
      "districtVotes": "1452",
      "mailVotes": "252",
      "name": "Liukrecija NAVICKIENĖ",
      "party": "Išsikėlė pati",
      "percentFromAll": "9,26",
      "percentFromValid": "9,84",
      "totalVotes": "1704",
    },
    Object {
      "districtVotes": "1101",
      "mailVotes": "184",
      "name": "Diana BUČINSKIENĖ",
      "party": "Lietuvos socialdemokratų partija",
      "percentFromAll": "6,98",
      "percentFromValid": "7,42",
      "totalVotes": "1285",
    },
    Object {
      "districtVotes": "832",
      "mailVotes": "123",
      "name": "Inga KUPČIŪTĖ",
      "party": "Lietuvos Respublikos liberalų sąjūdis",
      "percentFromAll": "5,19",
      "percentFromValid": "5,52",
      "totalVotes": "955",
    },
    Object {
      "districtVotes": "617",
      "mailVotes": "97",
      "name": "Tomas DIDONIS",
      "party": "Lietuvos žaliųjų partija",
      "percentFromAll": "3,88",
      "percentFromValid": "4,12",
      "totalVotes": "714",
    },
    Object {
      "districtVotes": "564",
      "mailVotes": "54",
      "name": "Laimutė VISOCKIENĖ",
      "party": "„Drąsos kelias“ politinė partija",
      "percentFromAll": "3,36",
      "percentFromValid": "3,57",
      "totalVotes": "618",
    },
    Object {
      "districtVotes": "328",
      "mailVotes": "69",
      "name": "Vygaudas MOLIS",
      "party": "Lietuvos socialdemokratų darbo partija",
      "percentFromAll": "2,16",
      "percentFromValid": "2,29",
      "totalVotes": "397",
    },
    Object {
      "districtVotes": "328",
      "mailVotes": "44",
      "name": "Egidijus VAREIKIS",
      "party": "Krikščionių sąjunga",
      "percentFromAll": "2,02",
      "percentFromValid": "2,15",
      "totalVotes": "372",
    },
  ],
}
`;
