// Jest Snapshot v1, https://goo.gl/fbAQLP

exports[`urlFinder correctly finds urls 1`] = `
Array [
  "?srcUrl=/rinkimai/1104/1/1746/rezultatai/lt/rezultataiVienmRpg_rpgId-20722.html",
  "?srcUrl=/rinkimai/1104/1/1746/rezultatai/lt/rezultataiVienmRpg_rpgId-20940.html",
  "?srcUrl=/rinkimai/1104/1/1746/rezultatai/lt/rezultataiVienmRpg_rpgId-20732.html",
  "?srcUrl=/rinkimai/1104/1/1746/rezultatai/lt/rezultataiVienmRpg_rpgId-20898.html",
  "?srcUrl=/rinkimai/1104/1/1746/rezultatai/lt/rezultataiVienmRpg_rpgId-20740.html",
  "?srcUrl=/rinkimai/1104/1/1746/rezultatai/lt/rezultataiVienmRpg_rpgId-20900.html",
  "?srcUrl=/rinkimai/1104/1/1746/rezultatai/lt/rezultataiVienmRpg_rpgId-20902.html",
  "?srcUrl=/rinkimai/1104/1/1746/rezultatai/lt/rezultataiVienmRpg_rpgId-20904.html",
  "?srcUrl=/rinkimai/1104/1/1746/rezultatai/lt/rezultataiVienmRpg_rpgId-20906.html",
  "?srcUrl=/rinkimai/1104/1/1746/rezultatai/lt/rezultataiVienmRpg_rpgId-20908.html",
  "?srcUrl=/rinkimai/1104/1/1746/rezultatai/lt/rezultataiVienmRpg_rpgId-20690.html",
  "?srcUrl=/rinkimai/1104/1/1746/rezultatai/lt/rezultataiVienmRpg_rpgId-20688.html",
  "?srcUrl=/rinkimai/1104/1/1746/rezultatai/lt/rezultataiVienmRpg_rpgId-20912.html",
  "?srcUrl=/rinkimai/1104/1/1746/rezultatai/lt/rezultataiVienmRpg_rpgId-20742.html",
  "?srcUrl=/rinkimai/1104/1/1746/rezultatai/lt/rezultataiVienmRpg_rpgId-20938.html",
  "?srcUrl=/rinkimai/1104/1/1746/rezultatai/lt/rezultataiVienmRpg_rpgId-20914.html",
  "?srcUrl=/rinkimai/1104/1/1746/rezultatai/lt/rezultataiVienmRpg_rpgId-20744.html",
  "?srcUrl=/rinkimai/1104/1/1746/rezultatai/lt/rezultataiVienmRpg_rpgId-20916.html",
  "?srcUrl=/rinkimai/1104/1/1746/rezultatai/lt/rezultataiVienmRpg_rpgId-20910.html",
  "?srcUrl=/rinkimai/1104/1/1746/rezultatai/lt/rezultataiVienmRpg_rpgId-20944.html",
  "?srcUrl=/rinkimai/1104/1/1746/rezultatai/lt/rezultataiVienmRpg_rpgId-20918.html",
  "?srcUrl=/rinkimai/1104/1/1746/rezultatai/lt/rezultataiVienmRpg_rpgId-20920.html",
  "?srcUrl=/rinkimai/1104/1/1746/rezultatai/lt/rezultataiVienmRpg_rpgId-20728.html",
  "?srcUrl=/rinkimai/1104/1/1746/rezultatai/lt/rezultataiVienmRpg_rpgId-20924.html",
  "?srcUrl=/rinkimai/1104/1/1746/rezultatai/lt/rezultataiVienmRpg_rpgId-20922.html",
  "?srcUrl=/rinkimai/1104/1/1746/rezultatai/lt/rezultataiVienmRpg_rpgId-20926.html",
  "?srcUrl=/rinkimai/1104/1/1746/rezultatai/lt/rezultataiVienmRpg_rpgId-20738.html",
  "?srcUrl=/rinkimai/1104/1/1746/rezultatai/lt/rezultataiVienmRpg_rpgId-20928.html",
  "?srcUrl=/rinkimai/1104/1/1746/rezultatai/lt/rezultataiVienmRpg_rpgId-20720.html",
  "?srcUrl=/rinkimai/1104/1/1746/rezultatai/lt/rezultataiVienmRpg_rpgId-20930.html",
  "?srcUrl=/rinkimai/1104/1/1746/rezultatai/lt/rezultataiVienmRpg_rpgId-20932.html",
  "?srcUrl=/rinkimai/1104/1/1746/rezultatai/lt/rezultataiVienmRpg_rpgId-20934.html",
  "?srcUrl=/rinkimai/1104/1/1746/rezultatai/lt/rezultataiVienmRpg_rpgId-20936.html",
  "?srcUrl=/rinkimai/1104/1/1746/rezultatai/lt/rezultataiVienmRpg_rpgId-20730.html",
  "?srcUrl=/rinkimai/1104/1/1746/rezultatai/lt/rezultataiVienmRpg_rpgId-20708.html",
  "?srcUrl=/rinkimai/1104/1/1746/rezultatai/lt/rezultataiVienmRpg_rpgId-20750.html",
  "?srcUrl=/rinkimai/1104/1/1746/rezultatai/lt/rezultataiVienmRpg_rpgId-20752.html",
  "?srcUrl=/rinkimai/1104/1/1746/rezultatai/lt/rezultataiVienmRpg_rpgId-20754.html",
  "?srcUrl=/rinkimai/1104/1/1746/rezultatai/lt/rezultataiVienmRpg_rpgId-20692.html",
  "?srcUrl=/rinkimai/1104/1/1746/rezultatai/lt/rezultataiVienmRpg_rpgId-20756.html",
  "?srcUrl=/rinkimai/1104/1/1746/rezultatai/lt/rezultataiVienmRpg_rpgId-20758.html",
  "?srcUrl=/rinkimai/1104/1/1746/rezultatai/lt/rezultataiVienmRpg_rpgId-20946.html",
  "?srcUrl=/rinkimai/1104/1/1746/rezultatai/lt/rezultataiVienmRpg_rpgId-20760.html",
  "?srcUrl=/rinkimai/1104/1/1746/rezultatai/lt/rezultataiVienmRpg_rpgId-20762.html",
  "?srcUrl=/rinkimai/1104/1/1746/rezultatai/lt/rezultataiVienmRpg_rpgId-20764.html",
  "?srcUrl=/rinkimai/1104/1/1746/rezultatai/lt/rezultataiVienmRpg_rpgId-20694.html",
  "?srcUrl=/rinkimai/1104/1/1746/rezultatai/lt/rezultataiVienmRpg_rpgId-20948.html",
  "?srcUrl=/rinkimai/1104/1/1746/rezultatai/lt/rezultataiVienmRpg_rpgId-20766.html",
  "?srcUrl=/rinkimai/1104/1/1746/rezultatai/lt/rezultataiVienmRpg_rpgId-20768.html",
  "?srcUrl=/rinkimai/1104/1/1746/rezultatai/lt/rezultataiVienmRpg_rpgId-20770.html",
  "?srcUrl=/rinkimai/1104/1/1746/rezultatai/lt/rezultataiVienmRpg_rpgId-20696.html",
  "?srcUrl=/rinkimai/1104/1/1746/rezultatai/lt/rezultataiVienmRpg_rpgId-20772.html",
  "?srcUrl=/rinkimai/1104/1/1746/rezultatai/lt/rezultataiVienmRpg_rpgId-20746.html",
  "?srcUrl=/rinkimai/1104/1/1746/rezultatai/lt/rezultataiVienmRpg_rpgId-20942.html",
  "?srcUrl=/rinkimai/1104/1/1746/rezultatai/lt/rezultataiVienmRpg_rpgId-20950.html",
  "?srcUrl=/rinkimai/1104/1/1746/rezultatai/lt/rezultataiVienmRpg_rpgId-20700.html",
  "?srcUrl=/rinkimai/1104/1/1746/rezultatai/lt/rezultataiVienmRpg_rpgId-20774.html",
  "?srcUrl=/rinkimai/1104/1/1746/rezultatai/lt/rezultataiVienmRpg_rpgId-20698.html",
  "?srcUrl=/rinkimai/1104/1/1746/rezultatai/lt/rezultataiVienmRpg_rpgId-20776.html",
  "?srcUrl=/rinkimai/1104/1/1746/rezultatai/lt/rezultataiVienmRpg_rpgId-20702.html",
  "?srcUrl=/rinkimai/1104/1/1746/rezultatai/lt/rezultataiVienmRpg_rpgId-20778.html",
  "?srcUrl=/rinkimai/1104/1/1746/rezultatai/lt/rezultataiVienmRpg_rpgId-20780.html",
  "?srcUrl=/rinkimai/1104/1/1746/rezultatai/lt/rezultataiVienmRpg_rpgId-20712.html",
  "?srcUrl=/rinkimai/1104/1/1746/rezultatai/lt/rezultataiVienmRpg_rpgId-20710.html",
  "?srcUrl=/rinkimai/1104/1/1746/rezultatai/lt/rezultataiVienmRpg_rpgId-20706.html",
  "?srcUrl=/rinkimai/1104/1/1746/rezultatai/lt/rezultataiVienmRpg_rpgId-20748.html",
  "?srcUrl=/rinkimai/1104/1/1746/rezultatai/lt/rezultataiVienmRpg_rpgId-20782.html",
  "?srcUrl=/rinkimai/1104/1/1746/rezultatai/lt/rezultataiVienmRpg_rpgId-20784.html",
  "?srcUrl=/rinkimai/1104/1/1746/rezultatai/lt/rezultataiVienmRpg_rpgId-20704.html",
  "?srcUrl=/rinkimai/1104/1/1746/rezultatai/lt/rezultataiVienmRpg_rpgId-20786.html",
  "?srcUrl=/rinkimai/1104/1/1746/rezultatai/lt/rezultataiVienmRpg_rpgId-20734.html",
]
`;
